// Jest Snapshot v1, https://goo.gl/fbAQLP

exports[`работа MobileClientRender 1`] = `
<div
  className="MobileCompany"
>
  <div
    className="MobileCompanyName"
  >
    Компания
  </div>
  <div
    className="btn"
  >
    <input
      onClick={undefined}
      type="button"
      value="все"
    />
    <input
      onClick={undefined}
      type="button"
      value="активные"
    />
    <input
      onClick={undefined}
      type="button"
      value="заблокированные"
    />
  </div>
  <div
    className="MobileCompanyClients"
  >
    <div
      className="MobileClient"
    >
      <div
        className="MobileClientFIO"
      >
        Иванов Иван Иванович
      </div>
      <div
        className="MobileClientInfo"
      >
        <div
          className="MobileClientBalance"
        >
          200
        </div>
        <div
          className="MobileClientIsBlockedfalse"
        >
          активен
        </div>
        <input
          onClick={[Function]}
          type="button"
          value="редактировать"
        />
        <input
          onClick={[Function]}
          type="button"
          value="Удалить"
        />
      </div>
    </div>
    <div
      className="MobileClient"
    >
      <div
        className="MobileClientFIO"
      >
        Сидоров Сидор Сидорович
      </div>
      <div
        className="MobileClientInfo"
      >
        <div
          className="MobileClientBalance"
        >
          250
        </div>
        <div
          className="MobileClientIsBlockedfalse"
        >
          активен
        </div>
        <input
          onClick={[Function]}
          type="button"
          value="редактировать"
        />
        <input
          onClick={[Function]}
          type="button"
          value="Удалить"
        />
      </div>
    </div>
    <div
      className="MobileClient"
    >
      <div
        className="MobileClientFIO"
      >
        Петров Пётр Петрович
      </div>
      <div
        className="MobileClientInfo"
      >
        <div
          className="MobileClientBalance"
        >
          180
        </div>
        <div
          className="MobileClientIsBlockedfalse"
        >
          активен
        </div>
        <input
          onClick={[Function]}
          type="button"
          value="редактировать"
        />
        <input
          onClick={[Function]}
          type="button"
          value="Удалить"
        />
      </div>
    </div>
    <div
      className="MobileClient"
    >
      <div
        className="MobileClientFIO"
      >
        Григорьев Григорий Григорьевич
      </div>
      <div
        className="MobileClientInfo"
      >
        <div
          className="MobileClientBalance"
        >
          -220
        </div>
        <div
          className="MobileClientIsBlockedtrue"
        >
          заблокирован
        </div>
        <input
          onClick={[Function]}
          type="button"
          value="редактировать"
        />
        <input
          onClick={[Function]}
          type="button"
          value="Удалить"
        />
      </div>
    </div>
  </div>
</div>
`;
